{"Type": "https://httpstatuses.com/503","Title":"Service Unavailable","Status":"503","Instance":"some-instance-reference","Details":"some body"}