{
  "Type": "https://httpstatuses.com/503",
  "Title": "Service Unavailable",
  "Status": 503,
  "Detail": "some body",
  "Instance": "some-function-arn",
  "AwsRequestId": "some-request-id"
}