{
  "Type": "https://httpstatuses.com/0",
  "Title": "InvalidOperationException",
  "Status": 0,
  "Detail": "Operation is not valid due to the current state of the object.",
  "Instance": "some-request-id"
}