{
  "Message": "hello world",
  "Level": "Info",
  "SomeProperty": "some value"
}