{
  "Message": "hello world",
  "Level": "Debug"
}