{
  "Message": "hello world",
  "Level": "Info",
  "Property1": "three",
  "AwsRequestId": "12345",
  "FunctionName": "FunctionName",
  "FunctionVersion": "1.0",
  "MemoryLimitInMB": 1024
}