{
  "Message": "hello world",
  "Level": "Info",
  "key": "value",
  "key2": "value2"
}