{
  "Message": "hello world",
  "Level": "Info",
  "key": "value"
}